interactions:
- request:
    body: '{"name": "test-suite.test"}'
    headers:
      Accept:
      - '*/*'
      Accept-Encoding:
      - gzip, deflate
      Content-Length:
      - '27'
      Content-Type:
      - application/json
      authorization:
      - Token XXXXXXXX
    method: POST
    uri: https://desec.io/api/v1/domains/
  response:
    body:
      string: '{"created":"2024-01-01T00:00:00.000000Z","published":null,"name":"test-suite.test","keys":[{"dnskey":"257
        3 13 NyxIy5XH7apNP/lIiSWbG5TWTNQrLkTALvYyFfaKxapqanH5dspyWTMlYyH1JXIqjPCigRdJ2Abn6iGi/rIXlA==","ds":["58064
        13 2 fcdf82f6dfe5c17ca83b5eadadd91ad62bd19e84191548c4d65c3df87f38c2a8","58064
        13 4 0c69718f1040a556b815641dfcff24b9f9b8edee86cefe2287264722fd6030c1d36a35dc4b1001538a9de3f6ddc76428"],"flags":257,"keytype":"csk","managed":true}],"minimum_ttl":3600,"touched":"2024-01-01T00:00:00.000000Z"}'
    headers:
      Allow:
      - GET, POST, HEAD, OPTIONS
      Cache-Control:
      - no-cache
      Connection:
      - keep-alive
      Content-Length:
      - '500'
      Content-Type:
      - application/json
      Date:
      - Mon, 01 Jan 2024 00:00:00 GMT
      Expires:
      - Thu, 01 Jan 1970 00:00:01 GMT
      Server:
      - nginx
      Strict-Transport-Security:
      - max-age=31536000; includeSubDomains; preload
      Vary:
      - origin
    status:
      code: 201
      message: Created
- request:
    body: '{"name": ""}'
    headers:
      Accept:
      - '*/*'
      Accept-Encoding:
      - gzip, deflate
      Content-Length:
      - '12'
      Content-Type:
      - application/json
      authorization:
      - Token XXXXXXXX
    method: POST
    uri: https://desec.io/api/v1/auth/tokens/
  response:
    body:
      string: '{"id":"6df9b6ee-479d-46b1-aa69-91ba234ada55","created":"2024-01-01T00:00:00.000000Z","last_used":null,"max_age":null,"max_unused_period":null,"name":"","perm_manage_tokens":false,"allowed_subnets":["0.0.0.0/0","::/0"],"is_valid":true,"token":"bveuEZfvW9HTTzZ7maS6TN3UZpLb"}'
    headers:
      Allow:
      - GET, POST, HEAD, OPTIONS
      Cache-Control:
      - no-cache
      Connection:
      - keep-alive
      Content-Length:
      - '273'
      Content-Type:
      - application/json
      Date:
      - Mon, 01 Jan 2024 00:00:00 GMT
      Expires:
      - Thu, 01 Jan 1970 00:00:01 GMT
      Server:
      - nginx
      Strict-Transport-Security:
      - max-age=31536000; includeSubDomains; preload
      Vary:
      - origin
    status:
      code: 201
      message: Created
- request:
    body: '{"domain": null, "subname": null, "type": null, "perm_write": true}'
    headers:
      Accept:
      - '*/*'
      Accept-Encoding:
      - gzip, deflate
      Content-Length:
      - '67'
      Content-Type:
      - application/json
      authorization:
      - Token XXXXXXXX
    method: POST
    uri: https://desec.io/api/v1/auth/tokens/6df9b6ee-479d-46b1-aa69-91ba234ada55/policies/rrsets/
  response:
    body:
      string: '{"id":"68630baa-5baa-404c-9dc9-59df0022c0c9","domain":null,"subname":null,"type":null,"perm_write":true}'
    headers:
      Allow:
      - GET, POST, HEAD, OPTIONS
      Cache-Control:
      - no-cache
      Connection:
      - keep-alive
      Content-Length:
      - '104'
      Content-Type:
      - application/json
      Date:
      - Mon, 01 Jan 2024 00:00:00 GMT
      Expires:
      - Thu, 01 Jan 1970 00:00:01 GMT
      Server:
      - nginx
      Strict-Transport-Security:
      - max-age=31536000; includeSubDomains; preload
      Vary:
      - origin
    status:
      code: 201
      message: Created
- request:
    body: null
    headers:
      Accept:
      - '*/*'
      Accept-Encoding:
      - gzip, deflate
      Content-Length:
      - '0'
      authorization:
      - Token XXXXXXXX
    method: DELETE
    uri: https://desec.io/api/v1/auth/tokens/6df9b6ee-479d-46b1-aa69-91ba234ada55/
  response:
    body:
      string: ''
    headers:
      Allow:
      - GET, PUT, PATCH, DELETE, HEAD, OPTIONS
      Cache-Control:
      - no-cache
      Connection:
      - keep-alive
      Content-Length:
      - '0'
      Date:
      - Mon, 01 Jan 2024 00:00:00 GMT
      Expires:
      - Thu, 01 Jan 1970 00:00:01 GMT
      Server:
      - nginx
      Strict-Transport-Security:
      - max-age=31536000; includeSubDomains; preload
      Vary:
      - origin
    status:
      code: 204
      message: No Content
- request:
    body: null
    headers:
      Accept:
      - '*/*'
      Accept-Encoding:
      - gzip, deflate
      Content-Length:
      - '0'
      authorization:
      - Token XXXXXXXX
    method: DELETE
    uri: https://desec.io/api/v1/domains/test-suite.test/
  response:
    body:
      string: ''
    headers:
      Allow:
      - GET, DELETE, HEAD, OPTIONS
      Cache-Control:
      - no-cache
      Connection:
      - keep-alive
      Content-Length:
      - '0'
      Date:
      - Mon, 01 Jan 2024 00:00:00 GMT
      Expires:
      - Thu, 01 Jan 1970 00:00:01 GMT
      Server:
      - nginx
      Strict-Transport-Security:
      - max-age=31536000; includeSubDomains; preload
      Vary:
      - origin
    status:
      code: 204
      message: No Content
version: 1
