interactions:
- request:
    body: '{"name": "test-suite.test"}'
    headers:
      Accept:
      - '*/*'
      Accept-Encoding:
      - gzip, deflate
      Content-Length:
      - '27'
      Content-Type:
      - application/json
      authorization:
      - Token XXXXXXXX
    method: POST
    uri: https://desec.io/api/v1/domains/
  response:
    body:
      string: '{"created":"2024-01-01T00:00:00.000000Z","published":null,"name":"test-suite.test","keys":[{"dnskey":"257
        3 13 9SUG+brUcAs6sZ9i2rH94Yl5ssUC4pKK5dfjT1tMhovINmBSz5j55b2QntxfisPlB0X/CbOJ/qHl+lCH62C6kw==","ds":["24887
        13 2 0dd94a8471cfece75cc2bdc9c009d46c1b230685ef1dc90268e65f842755b834","24887
        13 4 5d4c88320082df95dd9e977918a0026f10b4c134edc736f21fd88ea1c1a984f3394cd414c386a194fb2810ce89c54aa7"],"flags":257,"keytype":"csk","managed":true}],"minimum_ttl":3600,"touched":"2024-01-01T00:00:00.000000Z"}'
    headers:
      Allow:
      - GET, POST, HEAD, OPTIONS
      Cache-Control:
      - no-cache
      Connection:
      - keep-alive
      Content-Length:
      - '500'
      Content-Type:
      - application/json
      Date:
      - Mon, 01 Jan 2024 00:00:00 GMT
      Expires:
      - Thu, 01 Jan 1970 00:00:01 GMT
      Server:
      - nginx
      Strict-Transport-Security:
      - max-age=31536000; includeSubDomains; preload
      Vary:
      - origin
    status:
      code: 201
      message: Created
- request:
    body: '{"name": ""}'
    headers:
      Accept:
      - '*/*'
      Accept-Encoding:
      - gzip, deflate
      Content-Length:
      - '12'
      Content-Type:
      - application/json
      authorization:
      - Token XXXXXXXX
    method: POST
    uri: https://desec.io/api/v1/auth/tokens/
  response:
    body:
      string: '{"id":"dec148c3-2799-4b09-8d8e-eb407c478dce","created":"2024-01-01T00:00:00.000000Z","last_used":null,"max_age":null,"max_unused_period":null,"name":"","perm_manage_tokens":false,"allowed_subnets":["0.0.0.0/0","::/0"],"is_valid":true,"token":"yqmevxfCMtmkLaDXR6BwcvHvr7nq"}'
    headers:
      Allow:
      - GET, POST, HEAD, OPTIONS
      Cache-Control:
      - no-cache
      Connection:
      - keep-alive
      Content-Length:
      - '273'
      Content-Type:
      - application/json
      Date:
      - Mon, 01 Jan 2024 00:00:00 GMT
      Expires:
      - Thu, 01 Jan 1970 00:00:01 GMT
      Server:
      - nginx
      Strict-Transport-Security:
      - max-age=31536000; includeSubDomains; preload
      Vary:
      - origin
    status:
      code: 201
      message: Created
- request:
    body: '{"domain": null, "subname": null, "type": null, "perm_write": false}'
    headers:
      Accept:
      - '*/*'
      Accept-Encoding:
      - gzip, deflate
      Content-Length:
      - '68'
      Content-Type:
      - application/json
      authorization:
      - Token XXXXXXXX
    method: POST
    uri: https://desec.io/api/v1/auth/tokens/dec148c3-2799-4b09-8d8e-eb407c478dce/policies/rrsets/
  response:
    body:
      string: '{"id":"48a4d29f-f6b1-43df-96ad-8fc88684c585","domain":null,"subname":null,"type":null,"perm_write":false}'
    headers:
      Allow:
      - GET, POST, HEAD, OPTIONS
      Cache-Control:
      - no-cache
      Connection:
      - keep-alive
      Content-Length:
      - '105'
      Content-Type:
      - application/json
      Date:
      - Mon, 01 Jan 2024 00:00:00 GMT
      Expires:
      - Thu, 01 Jan 1970 00:00:01 GMT
      Server:
      - nginx
      Strict-Transport-Security:
      - max-age=31536000; includeSubDomains; preload
      Vary:
      - origin
    status:
      code: 201
      message: Created
- request:
    body: '{"domain": null, "subname": "test", "type": "A", "perm_write": false}'
    headers:
      Accept:
      - '*/*'
      Accept-Encoding:
      - gzip, deflate
      Content-Length:
      - '69'
      Content-Type:
      - application/json
      authorization:
      - Token XXXXXXXX
    method: POST
    uri: https://desec.io/api/v1/auth/tokens/dec148c3-2799-4b09-8d8e-eb407c478dce/policies/rrsets/
  response:
    body:
      string: '{"id":"1dcc6d8a-acd4-46be-83cd-c497d4cca52d","domain":null,"subname":"test","type":"A","perm_write":false}'
    headers:
      Allow:
      - GET, POST, HEAD, OPTIONS
      Cache-Control:
      - no-cache
      Connection:
      - keep-alive
      Content-Length:
      - '106'
      Content-Type:
      - application/json
      Date:
      - Mon, 01 Jan 2024 00:00:00 GMT
      Expires:
      - Thu, 01 Jan 1970 00:00:01 GMT
      Server:
      - nginx
      Strict-Transport-Security:
      - max-age=31536000; includeSubDomains; preload
      Vary:
      - origin
    status:
      code: 201
      message: Created
- request:
    body: '{"domain": "test-suite.test", "perm_write": true}'
    headers:
      Accept:
      - '*/*'
      Accept-Encoding:
      - gzip, deflate
      Content-Length:
      - '49'
      Content-Type:
      - application/json
      authorization:
      - Token XXXXXXXX
    method: PATCH
    uri: https://desec.io/api/v1/auth/tokens/dec148c3-2799-4b09-8d8e-eb407c478dce/policies/rrsets/1dcc6d8a-acd4-46be-83cd-c497d4cca52d/
  response:
    body:
      string: '{"id":"1dcc6d8a-acd4-46be-83cd-c497d4cca52d","domain":"test-suite.test","subname":"test","type":"A","perm_write":true}'
    headers:
      Allow:
      - GET, PUT, PATCH, DELETE, HEAD, OPTIONS
      Cache-Control:
      - no-cache
      Connection:
      - keep-alive
      Content-Length:
      - '118'
      Content-Type:
      - application/json
      Date:
      - Mon, 01 Jan 2024 00:00:00 GMT
      Expires:
      - Thu, 01 Jan 1970 00:00:01 GMT
      Server:
      - nginx
      Strict-Transport-Security:
      - max-age=31536000; includeSubDomains; preload
      Vary:
      - origin
    status:
      code: 200
      message: OK
- request:
    body: null
    headers:
      Accept:
      - '*/*'
      Accept-Encoding:
      - gzip, deflate
      Content-Length:
      - '0'
      authorization:
      - Token XXXXXXXX
    method: DELETE
    uri: https://desec.io/api/v1/auth/tokens/dec148c3-2799-4b09-8d8e-eb407c478dce/
  response:
    body:
      string: ''
    headers:
      Allow:
      - GET, PUT, PATCH, DELETE, HEAD, OPTIONS
      Cache-Control:
      - no-cache
      Connection:
      - keep-alive
      Content-Length:
      - '0'
      Date:
      - Mon, 01 Jan 2024 00:00:00 GMT
      Expires:
      - Thu, 01 Jan 1970 00:00:01 GMT
      Server:
      - nginx
      Strict-Transport-Security:
      - max-age=31536000; includeSubDomains; preload
      Vary:
      - origin
    status:
      code: 204
      message: No Content
- request:
    body: null
    headers:
      Accept:
      - '*/*'
      Accept-Encoding:
      - gzip, deflate
      Content-Length:
      - '0'
      authorization:
      - Token XXXXXXXX
    method: DELETE
    uri: https://desec.io/api/v1/domains/test-suite.test/
  response:
    body:
      string: ''
    headers:
      Allow:
      - GET, DELETE, HEAD, OPTIONS
      Cache-Control:
      - no-cache
      Connection:
      - keep-alive
      Content-Length:
      - '0'
      Date:
      - Mon, 01 Jan 2024 00:00:00 GMT
      Expires:
      - Thu, 01 Jan 1970 00:00:01 GMT
      Server:
      - nginx
      Strict-Transport-Security:
      - max-age=31536000; includeSubDomains; preload
      Vary:
      - origin
    status:
      code: 204
      message: No Content
version: 1
