interactions:
- request:
    body: '{"name": "test-suite.test"}'
    headers:
      Accept:
      - '*/*'
      Accept-Encoding:
      - gzip, deflate
      Content-Length:
      - '27'
      Content-Type:
      - application/json
      authorization:
      - Token XXXXXXXX
    method: POST
    uri: https://desec.io/api/v1/domains/
  response:
    body:
      string: '{"created":"2024-01-01T00:00:00.000000Z","published":null,"name":"test-suite.test","keys":[{"dnskey":"257
        3 13 JrGMuBoTjYvbwH1FjqATD+IOS5TLa1k7DtGohlZ7hg5AImIXceq/PtWvrHxO8w/hutiiCB01y9OS/Rq91Sorog==","ds":["59597
        13 2 0958a16b2d7b02406eb698b52ceb4f062235b276a38a9209a917ed1c86ba28df","59597
        13 4 7460b6f82d7d4433beeb521188b326d49b693191a645e8473fdeabacc17db5a0b0addc9886220b40a97ba596bca5437b"],"flags":257,"keytype":"csk","managed":true}],"minimum_ttl":3600,"touched":"2024-01-01T00:00:00.000000Z"}'
    headers:
      Allow:
      - GET, POST, HEAD, OPTIONS
      Cache-Control:
      - no-cache
      Connection:
      - keep-alive
      Content-Length:
      - '500'
      Content-Type:
      - application/json
      Date:
      - Mon, 01 Jan 2024 00:00:00 GMT
      Expires:
      - Thu, 01 Jan 1970 00:00:01 GMT
      Server:
      - nginx
      Strict-Transport-Security:
      - max-age=31536000; includeSubDomains; preload
      Vary:
      - origin
    status:
      code: 201
      message: Created
- request:
    body: '{"name": ""}'
    headers:
      Accept:
      - '*/*'
      Accept-Encoding:
      - gzip, deflate
      Content-Length:
      - '12'
      Content-Type:
      - application/json
      authorization:
      - Token XXXXXXXX
    method: POST
    uri: https://desec.io/api/v1/auth/tokens/
  response:
    body:
      string: '{"id":"d5f804d1-b85c-4313-af9b-eaf2a50b3b4a","created":"2024-01-01T00:00:00.000000Z","last_used":null,"max_age":null,"max_unused_period":null,"name":"","perm_manage_tokens":false,"allowed_subnets":["0.0.0.0/0","::/0"],"is_valid":true,"token":"1ZzGWe44xkbHHQoQiRvCNUhNUEKy"}'
    headers:
      Allow:
      - GET, POST, HEAD, OPTIONS
      Cache-Control:
      - no-cache
      Connection:
      - keep-alive
      Content-Length:
      - '273'
      Content-Type:
      - application/json
      Date:
      - Mon, 01 Jan 2024 00:00:00 GMT
      Expires:
      - Thu, 01 Jan 1970 00:00:01 GMT
      Server:
      - nginx
      Strict-Transport-Security:
      - max-age=31536000; includeSubDomains; preload
      Vary:
      - origin
    status:
      code: 201
      message: Created
- request:
    body: '{"domain": null, "subname": null, "type": null, "perm_write": false}'
    headers:
      Accept:
      - '*/*'
      Accept-Encoding:
      - gzip, deflate
      Content-Length:
      - '68'
      Content-Type:
      - application/json
      authorization:
      - Token XXXXXXXX
    method: POST
    uri: https://desec.io/api/v1/auth/tokens/d5f804d1-b85c-4313-af9b-eaf2a50b3b4a/policies/rrsets/
  response:
    body:
      string: '{"id":"18a03e90-d2e4-412a-a2aa-d4280ae529fe","domain":null,"subname":null,"type":null,"perm_write":false}'
    headers:
      Allow:
      - GET, POST, HEAD, OPTIONS
      Cache-Control:
      - no-cache
      Connection:
      - keep-alive
      Content-Length:
      - '105'
      Content-Type:
      - application/json
      Date:
      - Mon, 01 Jan 2024 00:00:00 GMT
      Expires:
      - Thu, 01 Jan 1970 00:00:01 GMT
      Server:
      - nginx
      Strict-Transport-Security:
      - max-age=31536000; includeSubDomains; preload
      Vary:
      - origin
    status:
      code: 201
      message: Created
- request:
    body: '{"domain": null, "subname": "test", "type": "A", "perm_write": true}'
    headers:
      Accept:
      - '*/*'
      Accept-Encoding:
      - gzip, deflate
      Content-Length:
      - '68'
      Content-Type:
      - application/json
      authorization:
      - Token XXXXXXXX
    method: POST
    uri: https://desec.io/api/v1/auth/tokens/d5f804d1-b85c-4313-af9b-eaf2a50b3b4a/policies/rrsets/
  response:
    body:
      string: '{"id":"6c230942-a9b8-4877-acdb-d214e81712d1","domain":null,"subname":"test","type":"A","perm_write":true}'
    headers:
      Allow:
      - GET, POST, HEAD, OPTIONS
      Cache-Control:
      - no-cache
      Connection:
      - keep-alive
      Content-Length:
      - '105'
      Content-Type:
      - application/json
      Date:
      - Mon, 01 Jan 2024 00:00:00 GMT
      Expires:
      - Thu, 01 Jan 1970 00:00:01 GMT
      Server:
      - nginx
      Strict-Transport-Security:
      - max-age=31536000; includeSubDomains; preload
      Vary:
      - origin
    status:
      code: 201
      message: Created
- request:
    body: '{"subname": "test2", "type": null, "perm_write": false}'
    headers:
      Accept:
      - '*/*'
      Accept-Encoding:
      - gzip, deflate
      Content-Length:
      - '55'
      Content-Type:
      - application/json
      authorization:
      - Token XXXXXXXX
    method: PATCH
    uri: https://desec.io/api/v1/auth/tokens/d5f804d1-b85c-4313-af9b-eaf2a50b3b4a/policies/rrsets/6c230942-a9b8-4877-acdb-d214e81712d1/
  response:
    body:
      string: '{"id":"6c230942-a9b8-4877-acdb-d214e81712d1","domain":null,"subname":"test2","type":null,"perm_write":false}'
    headers:
      Allow:
      - GET, PUT, PATCH, DELETE, HEAD, OPTIONS
      Cache-Control:
      - no-cache
      Connection:
      - keep-alive
      Content-Length:
      - '108'
      Content-Type:
      - application/json
      Date:
      - Mon, 01 Jan 2024 00:00:00 GMT
      Expires:
      - Thu, 01 Jan 1970 00:00:01 GMT
      Server:
      - nginx
      Strict-Transport-Security:
      - max-age=31536000; includeSubDomains; preload
      Vary:
      - origin
    status:
      code: 200
      message: OK
- request:
    body: null
    headers:
      Accept:
      - '*/*'
      Accept-Encoding:
      - gzip, deflate
      Content-Length:
      - '0'
      authorization:
      - Token XXXXXXXX
    method: DELETE
    uri: https://desec.io/api/v1/auth/tokens/d5f804d1-b85c-4313-af9b-eaf2a50b3b4a/
  response:
    body:
      string: ''
    headers:
      Allow:
      - GET, PUT, PATCH, DELETE, HEAD, OPTIONS
      Cache-Control:
      - no-cache
      Connection:
      - keep-alive
      Content-Length:
      - '0'
      Date:
      - Mon, 01 Jan 2024 00:00:00 GMT
      Expires:
      - Thu, 01 Jan 1970 00:00:01 GMT
      Server:
      - nginx
      Strict-Transport-Security:
      - max-age=31536000; includeSubDomains; preload
      Vary:
      - origin
    status:
      code: 204
      message: No Content
- request:
    body: null
    headers:
      Accept:
      - '*/*'
      Accept-Encoding:
      - gzip, deflate
      Content-Length:
      - '0'
      authorization:
      - Token XXXXXXXX
    method: DELETE
    uri: https://desec.io/api/v1/domains/test-suite.test/
  response:
    body:
      string: ''
    headers:
      Allow:
      - GET, DELETE, HEAD, OPTIONS
      Cache-Control:
      - no-cache
      Connection:
      - keep-alive
      Content-Length:
      - '0'
      Date:
      - Mon, 01 Jan 2024 00:00:00 GMT
      Expires:
      - Thu, 01 Jan 1970 00:00:01 GMT
      Server:
      - nginx
      Strict-Transport-Security:
      - max-age=31536000; includeSubDomains; preload
      Vary:
      - origin
    status:
      code: 204
      message: No Content
version: 1
