interactions:
- request:
    body: '{"name": "test-suite.test"}'
    headers:
      Accept:
      - '*/*'
      Accept-Encoding:
      - gzip, deflate
      Content-Length:
      - '27'
      Content-Type:
      - application/json
      authorization:
      - Token XXXXXXXX
    method: POST
    uri: https://desec.io/api/v1/domains/
  response:
    body:
      string: '{"created":"2024-01-01T00:00:00.000000Z","published":null,"name":"test-suite.test","keys":[{"dnskey":"257
        3 13 zbFMOsIn8g0hby9hr/goUm6s7py5n1ZQmIVBfiCNFebLueNPkqHgaShN3r+1C0KTR2KbSavjibxRHZGJtfsJtg==","ds":["21601
        13 2 ed4abe499d62461494fd4f948f63d19c7a04daaf10471c30fd05d121894b332b","21601
        13 4 be8ba2ff7134cd1a7b52a2c801e90024d38e45b0d3cc140df1109f4dd9d84849eb6922e397b5c72aba5bd667970e1944"],"flags":257,"keytype":"csk","managed":true}],"minimum_ttl":3600,"touched":"2024-01-01T00:00:00.000000Z"}'
    headers:
      Allow:
      - GET, POST, HEAD, OPTIONS
      Cache-Control:
      - no-cache
      Connection:
      - keep-alive
      Content-Length:
      - '500'
      Content-Type:
      - application/json
      Date:
      - Mon, 01 Jan 2024 00:00:00 GMT
      Expires:
      - Thu, 01 Jan 1970 00:00:01 GMT
      Server:
      - nginx
      Strict-Transport-Security:
      - max-age=31536000; includeSubDomains; preload
      Vary:
      - origin
    status:
      code: 201
      message: Created
- request:
    body: '{"name": ""}'
    headers:
      Accept:
      - '*/*'
      Accept-Encoding:
      - gzip, deflate
      Content-Length:
      - '12'
      Content-Type:
      - application/json
      authorization:
      - Token XXXXXXXX
    method: POST
    uri: https://desec.io/api/v1/auth/tokens/
  response:
    body:
      string: '{"id":"b588735a-e3d1-4201-8cda-7765abfd4f2d","created":"2024-01-01T00:00:00.000000Z","last_used":null,"max_age":null,"max_unused_period":null,"name":"","perm_manage_tokens":false,"allowed_subnets":["0.0.0.0/0","::/0"],"is_valid":true,"token":"994JA8VsN3UzE6QWdotccYC4gt5L"}'
    headers:
      Allow:
      - GET, POST, HEAD, OPTIONS
      Cache-Control:
      - no-cache
      Connection:
      - keep-alive
      Content-Length:
      - '273'
      Content-Type:
      - application/json
      Date:
      - Mon, 01 Jan 2024 00:00:00 GMT
      Expires:
      - Thu, 01 Jan 1970 00:00:01 GMT
      Server:
      - nginx
      Strict-Transport-Security:
      - max-age=31536000; includeSubDomains; preload
      Vary:
      - origin
    status:
      code: 201
      message: Created
- request:
    body: '{"domain": null, "subname": null, "type": null, "perm_write": false}'
    headers:
      Accept:
      - '*/*'
      Accept-Encoding:
      - gzip, deflate
      Content-Length:
      - '68'
      Content-Type:
      - application/json
      authorization:
      - Token XXXXXXXX
    method: POST
    uri: https://desec.io/api/v1/auth/tokens/b588735a-e3d1-4201-8cda-7765abfd4f2d/policies/rrsets/
  response:
    body:
      string: '{"id":"c9f753fe-da21-4300-ac0a-dc36972ed339","domain":null,"subname":null,"type":null,"perm_write":false}'
    headers:
      Allow:
      - GET, POST, HEAD, OPTIONS
      Cache-Control:
      - no-cache
      Connection:
      - keep-alive
      Content-Length:
      - '105'
      Content-Type:
      - application/json
      Date:
      - Mon, 01 Jan 2024 00:00:00 GMT
      Expires:
      - Thu, 01 Jan 1970 00:00:01 GMT
      Server:
      - nginx
      Strict-Transport-Security:
      - max-age=31536000; includeSubDomains; preload
      Vary:
      - origin
    status:
      code: 201
      message: Created
- request:
    body: '{"domain": "test-suite.test", "subname": "test", "type": "A", "perm_write":
      true}'
    headers:
      Accept:
      - '*/*'
      Accept-Encoding:
      - gzip, deflate
      Content-Length:
      - '81'
      Content-Type:
      - application/json
      authorization:
      - Token XXXXXXXX
    method: POST
    uri: https://desec.io/api/v1/auth/tokens/b588735a-e3d1-4201-8cda-7765abfd4f2d/policies/rrsets/
  response:
    body:
      string: '{"id":"c5fe2440-98ca-4e83-b8b3-1d0cfe29ac3d","domain":"test-suite.test","subname":"test","type":"A","perm_write":true}'
    headers:
      Allow:
      - GET, POST, HEAD, OPTIONS
      Cache-Control:
      - no-cache
      Connection:
      - keep-alive
      Content-Length:
      - '118'
      Content-Type:
      - application/json
      Date:
      - Mon, 01 Jan 2024 00:00:00 GMT
      Expires:
      - Thu, 01 Jan 1970 00:00:01 GMT
      Server:
      - nginx
      Strict-Transport-Security:
      - max-age=31536000; includeSubDomains; preload
      Vary:
      - origin
    status:
      code: 201
      message: Created
- request:
    body: '{"domain": null, "subname": "test2", "type": "AAAA", "perm_write": false}'
    headers:
      Accept:
      - '*/*'
      Accept-Encoding:
      - gzip, deflate
      Content-Length:
      - '73'
      Content-Type:
      - application/json
      authorization:
      - Token XXXXXXXX
    method: PATCH
    uri: https://desec.io/api/v1/auth/tokens/b588735a-e3d1-4201-8cda-7765abfd4f2d/policies/rrsets/c5fe2440-98ca-4e83-b8b3-1d0cfe29ac3d/
  response:
    body:
      string: '{"id":"c5fe2440-98ca-4e83-b8b3-1d0cfe29ac3d","domain":null,"subname":"test2","type":"AAAA","perm_write":false}'
    headers:
      Allow:
      - GET, PUT, PATCH, DELETE, HEAD, OPTIONS
      Cache-Control:
      - no-cache
      Connection:
      - keep-alive
      Content-Length:
      - '110'
      Content-Type:
      - application/json
      Date:
      - Mon, 01 Jan 2024 00:00:00 GMT
      Expires:
      - Thu, 01 Jan 1970 00:00:01 GMT
      Server:
      - nginx
      Strict-Transport-Security:
      - max-age=31536000; includeSubDomains; preload
      Vary:
      - origin
    status:
      code: 200
      message: OK
- request:
    body: null
    headers:
      Accept:
      - '*/*'
      Accept-Encoding:
      - gzip, deflate
      Content-Length:
      - '0'
      authorization:
      - Token XXXXXXXX
    method: DELETE
    uri: https://desec.io/api/v1/auth/tokens/b588735a-e3d1-4201-8cda-7765abfd4f2d/
  response:
    body:
      string: ''
    headers:
      Allow:
      - GET, PUT, PATCH, DELETE, HEAD, OPTIONS
      Cache-Control:
      - no-cache
      Connection:
      - keep-alive
      Content-Length:
      - '0'
      Date:
      - Mon, 01 Jan 2024 00:00:00 GMT
      Expires:
      - Thu, 01 Jan 1970 00:00:01 GMT
      Server:
      - nginx
      Strict-Transport-Security:
      - max-age=31536000; includeSubDomains; preload
      Vary:
      - origin
    status:
      code: 204
      message: No Content
- request:
    body: null
    headers:
      Accept:
      - '*/*'
      Accept-Encoding:
      - gzip, deflate
      Content-Length:
      - '0'
      authorization:
      - Token XXXXXXXX
    method: DELETE
    uri: https://desec.io/api/v1/domains/test-suite.test/
  response:
    body:
      string: ''
    headers:
      Allow:
      - GET, DELETE, HEAD, OPTIONS
      Cache-Control:
      - no-cache
      Connection:
      - keep-alive
      Content-Length:
      - '0'
      Date:
      - Mon, 01 Jan 2024 00:00:00 GMT
      Expires:
      - Thu, 01 Jan 1970 00:00:01 GMT
      Server:
      - nginx
      Strict-Transport-Security:
      - max-age=31536000; includeSubDomains; preload
      Vary:
      - origin
    status:
      code: 204
      message: No Content
version: 1
